#-----------------------------------------------------------
# Vivado v2017.2.1 (64-bit)
# SW Build 1957588 on Wed Aug  9 16:32:24 MDT 2017
# IP Build 1948039 on Wed Aug  9 18:19:28 MDT 2017
# Start of session at: Tue Sep 26 16:47:33 2017
# Process ID: 1412
# Current directory: D:/xilinx/vivado/arty/2017/lab3
# Command line: vivado.exe -gui_launcher_event rodinguilauncherevent3196 D:\xilinx\vivado\arty\2017\lab3\lab3.xpr
# Log file: D:/xilinx/vivado/arty/2017/lab3/vivado.log
# Journal file: D:/xilinx/vivado/arty/2017/lab3\vivado.jou
#-----------------------------------------------------------
start_gui
open_project D:/xilinx/vivado/arty/2017/lab3/lab3.xpr
update_compile_order -fileset sources_1
launch_runs impl_1 -to_step write_bitstream -jobs 4
wait_on_run impl_1
open_hw
connect_hw_server
open_hw_target
set_property PROGRAM.FILE {D:/xilinx/vivado/arty/2017/lab3/lab3.runs/impl_1/lab3.bit} [get_hw_devices xc7a35t_0]
current_hw_device [get_hw_devices xc7a35t_0]
refresh_hw_device -update_hw_probes false [lindex [get_hw_devices xc7a35t_0] 0]
set_property PROBES.FILE {} [get_hw_devices xc7a35t_0]
set_property FULL_PROBES.FILE {} [get_hw_devices xc7a35t_0]
set_property PROGRAM.FILE {D:/xilinx/vivado/arty/2017/lab3/lab3.runs/impl_1/lab3.bit} [get_hw_devices xc7a35t_0]
program_hw_devices [get_hw_devices xc7a35t_0]
refresh_hw_device [lindex [get_hw_devices xc7a35t_0] 0]
close_hw
reset_run synth_1
